
> react-kavia@0.1.0 start
> cross-env EDIT_MODE=true webpack serve --config .ve/webpack.config.js --mode development

<i> [webpack-dev-server] Project is running at:
<i> [webpack-dev-server] Loopback: http://localhost:3000/, http://[::1]:3000/
<i> [webpack-dev-server] On Your Network (IPv4): http://172.17.0.2:3000/
<i> [webpack-dev-server] Content not from webpack is served from './public' directory
Injecting EditorRootWrapper import: ../.ve/EditorRootWrapper
asset bundle.js 1.43 MiB [emitted] (name: main)
asset index.html 1.98 KiB [emitted]
runtime modules 27.5 KiB 14 modules
modules by path ./node_modules/ 1.24 MiB 31 modules
modules by path ./src/ 43.3 KiB
  modules by path ./src/*.css 7.49 KiB 4 modules
  modules by path ./src/*.js 35.8 KiB
    ./src/index.js 530 bytes [built] [code generated]
    + 2 modules
modules by path ./.ve/ 15.1 KiB
  modules by path ./.ve/*.js 10.6 KiB
    ./.ve/EditorRootWrapper.js 2.68 KiB [built] [code generated]
    ./.ve/SidePanel.js 7.93 KiB [built] [code generated]
  modules by path ./.ve/*.css 2.93 KiB
    ./.ve/EditorOverlay.css 2.25 KiB [built] [code generated]
    ./node_modules/css-loader/dist/cjs.js!./.ve/EditorOverlay.css 697 bytes [built] [code generated]
  ./.ve/EditorOverlay.jsx 1.58 KiB [built] [code generated]
webpack 5.99.9 compiled successfully in 1348 ms
assets by status 1.98 KiB [cached] 1 asset
assets by path *.js 1.47 MiB
  asset bundle.js 1.43 MiB [emitted] (name: main)
  asset main.6f7d380df50dd750c760.hot-update.js 42.9 KiB [emitted] [immutable] [hmr] (name: main)
asset main.6f7d380df50dd750c760.hot-update.json 28 bytes [emitted] [immutable] [hmr]
Entrypoint main 1.47 MiB = bundle.js 1.43 MiB main.6f7d380df50dd750c760.hot-update.js 42.9 KiB
cached modules 1.26 MiB [cached] 42 modules
runtime modules 27.5 KiB 14 modules
./src/MainContainer.js 37.1 KiB [built] [code generated]
webpack 5.99.9 compiled successfully in 293 ms
assets by status 1.98 KiB [cached] 1 asset
assets by path *.js 1.53 MiB
  asset bundle.js 1.46 MiB [emitted] (name: main)
  asset main.18203e82bc56c2301739.hot-update.js 71 KiB [emitted] [immutable] [hmr] (name: main)
asset main.18203e82bc56c2301739.hot-update.json 28 bytes [emitted] [immutable] [hmr]
Entrypoint main 1.53 MiB = bundle.js 1.46 MiB main.18203e82bc56c2301739.hot-update.js 71 KiB
cached modules 1.26 MiB [cached] 42 modules
runtime modules 27.5 KiB 14 modules
./src/MainContainer.js 59 KiB [built] [code generated]
webpack 5.99.9 compiled successfully in 188 ms
assets by status 1.98 KiB [cached] 1 asset
assets by path *.js 1.53 MiB
  asset bundle.js 1.46 MiB [emitted] (name: main)
  asset main.957e43748404346b6d54.hot-update.js 71.8 KiB [emitted] [immutable] [hmr] (name: main)
asset main.957e43748404346b6d54.hot-update.json 28 bytes [emitted] [immutable] [hmr]
Entrypoint main 1.53 MiB = bundle.js 1.46 MiB main.957e43748404346b6d54.hot-update.js 71.8 KiB
cached modules 1.26 MiB [cached] 42 modules
runtime modules 27.5 KiB 14 modules
./src/MainContainer.js 59.8 KiB [built] [code generated]
webpack 5.99.9 compiled successfully in 308 ms
assets by status 1.98 KiB [cached] 1 asset
assets by path *.js 1.47 MiB
  asset bundle.js 1.46 MiB [emitted] (name: main)
  asset main.4f56cfdd8f2fc0d3d678.hot-update.js 5.83 KiB [emitted] [immutable] [hmr] (name: main)
asset main.4f56cfdd8f2fc0d3d678.hot-update.json 28 bytes [emitted] [immutable] [hmr]
Entrypoint main 1.47 MiB = bundle.js 1.46 MiB main.4f56cfdd8f2fc0d3d678.hot-update.js 5.83 KiB
cached modules 1.32 MiB [cached] 42 modules
runtime modules 27.5 KiB 14 modules
./node_modules/css-loader/dist/cjs.js!./src/App.css 3.33 KiB [built] [code generated]
webpack 5.99.9 compiled successfully in 43 ms
